Collecting fastapi==0.115.6 (from -r requirements.txt (line 1))
  Using cached fastapi-0.115.6-py3-none-any.whl.metadata (27 kB)
Collecting uvicorn==0.34.0 (from uvicorn[standard]==0.34.0->-r requirements.txt (line 2))
  Using cached uvicorn-0.34.0-py3-none-any.whl.metadata (6.5 kB)
Collecting pydantic==2.10.4 (from -r requirements.txt (line 3))
  Using cached pydantic-2.10.4-py3-none-any.whl.metadata (29 kB)
Collecting email-validator==2.2.0 (from -r requirements.txt (line 4))
  Using cached email_validator-2.2.0-py3-none-any.whl.metadata (25 kB)
Collecting pydantic-settings==2.7.0 (from -r requirements.txt (line 5))
  Using cached pydantic_settings-2.7.0-py3-none-any.whl.metadata (3.5 kB)
Requirement already satisfied: SQLAlchemy==2.0.36 in c:\users\admin\downloads\scamshield-ai-main\scamshield-ai-main\backend\.venv\lib\site-packages (from -r requirements.txt (line 6)) (2.0.36)
Collecting python-jose==3.3.0 (from python-jose[cryptography]==3.3.0->-r requirements.txt (line 7))
  Using cached python_jose-3.3.0-py2.py3-none-any.whl.metadata (5.4 kB)
Requirement already satisfied: passlib==1.7.4 in c:\users\admin\downloads\scamshield-ai-main\scamshield-ai-main\backend\.venv\lib\site-packages (from passlib[bcrypt]==1.7.4->-r requirements.txt (line 8)) (1.7.4)
Collecting bcrypt==4.2.1 (from -r requirements.txt (line 9))
  Using cached bcrypt-4.2.1-cp39-abi3-win_amd64.whl.metadata (10 kB)
Requirement already satisfied: python-multipart==0.0.20 in c:\users\admin\downloads\scamshield-ai-main\scamshield-ai-main\backend\.venv\lib\site-packages (from -r requirements.txt (line 10)) (0.0.20)
Collecting scikit-learn==1.6.0 (from -r requirements.txt (line 11))
  Using cached scikit_learn-1.6.0-cp313-cp313-win_amd64.whl.metadata (15 kB)
Requirement already satisfied: scipy==1.14.1 in c:\users\admin\downloads\scamshield-ai-main\scamshield-ai-main\backend\.venv\lib\site-packages (from -r requirements.txt (line 12)) (1.14.1)
Requirement already satisfied: numpy==2.2.1 in c:\users\admin\downloads\scamshield-ai-main\scamshield-ai-main\backend\.venv\lib\site-packages (from -r requirements.txt (line 13)) (2.2.1)
Collecting joblib==1.4.2 (from -r requirements.txt (line 14))
  Using cached joblib-1.4.2-py3-none-any.whl.metadata (5.4 kB)
Collecting httpx==0.28.1 (from -r requirements.txt (line 15))
  Using cached httpx-0.28.1-py3-none-any.whl.metadata (7.1 kB)
Collecting pytest==8.3.4 (from -r requirements.txt (line 16))
  Using cached pytest-8.3.4-py3-none-any.whl.metadata (7.5 kB)
Collecting starlette<0.42.0,>=0.40.0 (from fastapi==0.115.6->-r requirements.txt (line 1))
  Using cached starlette-0.41.3-py3-none-any.whl.metadata (6.0 kB)
Requirement already satisfied: typing-extensions>=4.8.0 in c:\users\admin\downloads\scamshield-ai-main\scamshield-ai-main\backend\.venv\lib\site-packages (from fastapi==0.115.6->-r requirements.txt (line 1)) (4.16.0)
Collecting click>=7.0 (from uvicorn==0.34.0->uvicorn[standard]==0.34.0->-r requirements.txt (line 2))
  Using cached click-8.5.0-py3-none-any.whl.metadata (2.6 kB)
Collecting h11>=0.8 (from uvicorn==0.34.0->uvicorn[standard]==0.34.0->-r requirements.txt (line 2))
  Using cached h11-0.16.0-py3-none-any.whl.metadata (8.3 kB)
Collecting annotated-types>=0.6.0 (from pydantic==2.10.4->-r requirements.txt (line 3))
  Using cached annotated_types-0.8.0-py3-none-any.whl.metadata (15 kB)
Collecting pydantic-core==2.27.2 (from pydantic==2.10.4->-r requirements.txt (line 3))
  Using cached pydantic_core-2.27.2-cp313-cp313-win_amd64.whl.metadata (6.7 kB)
Collecting dnspython>=2.0.0 (from email-validator==2.2.0->-r requirements.txt (line 4))
  Using cached dnspython-2.8.0-py3-none-any.whl.metadata (5.7 kB)
Collecting idna>=2.0.0 (from email-validator==2.2.0->-r requirements.txt (line 4))
  Using cached idna-3.20-py3-none-any.whl.metadata (7.2 kB)
Requirement already satisfied: python-dotenv>=0.21.0 in c:\users\admin\downloads\scamshield-ai-main\scamshield-ai-main\backend\.venv\lib\site-packages (from pydantic-settings==2.7.0->-r requirements.txt (line 5)) (1.2.3)
Collecting ecdsa!=0.15 (from python-jose==3.3.0->python-jose[cryptography]==3.3.0->-r requirements.txt (line 7))
  Using cached ecdsa-0.19.2-py2.py3-none-any.whl.metadata (29 kB)
Collecting rsa (from python-jose==3.3.0->python-jose[cryptography]==3.3.0->-r requirements.txt (line 7))
  Using cached rsa-4.9.1-py3-none-any.whl.metadata (5.6 kB)
Requirement already satisfied: pyasn1 in c:\users\admin\downloads\scamshield-ai-main\scamshield-ai-main\backend\.venv\lib\site-packages (from python-jose==3.3.0->python-jose[cryptography]==3.3.0->-r requirements.txt (line 7)) (0.6.4)
Requirement already satisfied: threadpoolctl>=3.1.0 in c:\users\admin\downloads\scamshield-ai-main\scamshield-ai-main\backend\.venv\lib\site-packages (from scikit-learn==1.6.0->-r requirements.txt (line 11)) (3.7.0)
Collecting anyio (from httpx==0.28.1->-r requirements.txt (line 15))
  Using cached anyio-4.15.1-py3-none-any.whl.metadata (4.7 kB)
Collecting certifi (from httpx==0.28.1->-r requirements.txt (line 15))
  Using cached certifi-2026.7.22-py3-none-any.whl.metadata (2.5 kB)
Collecting httpcore==1.* (from httpx==0.28.1->-r requirements.txt (line 15))
  Using cached httpcore-1.0.9-py3-none-any.whl.metadata (21 kB)
Collecting colorama (from pytest==8.3.4->-r requirements.txt (line 16))
  Using cached colorama-0.4.6-py2.py3-none-any.whl.metadata (17 kB)
Collecting iniconfig (from pytest==8.3.4->-r requirements.txt (line 16))
  Using cached iniconfig-2.3.0-py3-none-any.whl.metadata (2.5 kB)
Requirement already satisfied: packaging in c:\users\admin\downloads\scamshield-ai-main\scamshield-ai-main\backend\.venv\lib\site-packages (from pytest==8.3.4->-r requirements.txt (line 16)) (26.3)
Requirement already satisfied: pluggy<2,>=1.5 in c:\users\admin\downloads\scamshield-ai-main\scamshield-ai-main\backend\.venv\lib\site-packages (from pytest==8.3.4->-r requirements.txt (line 16)) (1.6.0)
Collecting cryptography>=3.4.0 (from python-jose[cryptography]==3.3.0->-r requirements.txt (line 7))
  Using cached cryptography-50.0.1-cp311-abi3-win_amd64.whl.metadata (4.3 kB)
Collecting httptools>=0.6.3 (from uvicorn[standard]==0.34.0->-r requirements.txt (line 2))
  Using cached httptools-0.8.0-cp313-cp313-win_amd64.whl.metadata (3.7 kB)
Requirement already satisfied: pyyaml>=5.1 in c:\users\admin\downloads\scamshield-ai-main\scamshield-ai-main\backend\.venv\lib\site-packages (from uvicorn[standard]==0.34.0->-r requirements.txt (line 2)) (6.0.3)
Collecting watchfiles>=0.13 (from uvicorn[standard]==0.34.0->-r requirements.txt (line 2))
  Using cached watchfiles-1.2.0-cp313-cp313-win_amd64.whl.metadata (5.0 kB)
Requirement already satisfied: websockets>=10.4 in c:\users\admin\downloads\scamshield-ai-main\scamshield-ai-main\backend\.venv\lib\site-packages (from uvicorn[standard]==0.34.0->-r requirements.txt (line 2)) (17.1)
Collecting cffi>=2.0.0 (from cryptography>=3.4.0->python-jose[cryptography]==3.3.0->-r requirements.txt (line 7))
  Using cached cffi-2.1.1-cp313-cp313-win_amd64.whl.metadata (2.6 kB)
Requirement already satisfied: six>=1.9.0 in c:\users\admin\downloads\scamshield-ai-main\scamshield-ai-main\backend\.venv\lib\site-packages (from ecdsa!=0.15->python-jose==3.3.0->python-jose[cryptography]==3.3.0->-r requirements.txt (line 7)) (1.17.0)
Requirement already satisfied: pycparser in c:\users\admin\downloads\scamshield-ai-main\scamshield-ai-main\backend\.venv\lib\site-packages (from cffi>=2.0.0->cryptography>=3.4.0->python-jose[cryptography]==3.3.0->-r requirements.txt (line 7)) (3.0)
Using cached fastapi-0.115.6-py3-none-any.whl (94 kB)
Using cached uvicorn-0.34.0-py3-none-any.whl (62 kB)
Using cached pydantic-2.10.4-py3-none-any.whl (431 kB)
Using cached email_validator-2.2.0-py3-none-any.whl (33 kB)
Using cached pydantic_settings-2.7.0-py3-none-any.whl (29 kB)
Using cached python_jose-3.3.0-py2.py3-none-any.whl (33 kB)
Using cached bcrypt-4.2.1-cp39-abi3-win_amd64.whl (153 kB)
Using cached scikit_learn-1.6.0-cp313-cp313-win_amd64.whl (11.1 MB)
Using cached joblib-1.4.2-py3-none-any.whl (301 kB)
Using cached httpx-0.28.1-py3-none-any.whl (73 kB)
Using cached pytest-8.3.4-py3-none-any.whl (343 kB)
Using cached httpcore-1.0.9-py3-none-any.whl (78 kB)
Using cached pydantic_core-2.27.2-cp313-cp313-win_amd64.whl (2.0 MB)
Using cached annotated_types-0.8.0-py3-none-any.whl (13 kB)
Using cached click-8.5.0-py3-none-any.whl (125 kB)
Using cached colorama-0.4.6-py2.py3-none-any.whl (25 kB)
Using cached cryptography-50.0.1-cp311-abi3-win_amd64.whl (3.8 MB)
Using cached dnspython-2.8.0-py3-none-any.whl (331 kB)
Using cached ecdsa-0.19.2-py2.py3-none-any.whl (150 kB)
Using cached h11-0.16.0-py3-none-any.whl (37 kB)
Using cached httptools-0.8.0-cp313-cp313-win_amd64.whl (90 kB)
Using cached idna-3.20-py3-none-any.whl (69 kB)
Using cached starlette-0.41.3-py3-none-any.whl (73 kB)
Using cached anyio-4.15.1-py3-none-any.whl (132 kB)
Using cached watchfiles-1.2.0-cp313-cp313-win_amd64.whl (288 kB)
Using cached certifi-2026.7.22-py3-none-any.whl (136 kB)
Using cached iniconfig-2.3.0-py3-none-any.whl (7.5 kB)
Using cached rsa-4.9.1-py3-none-any.whl (34 kB)
Using cached cffi-2.1.1-cp313-cp313-win_amd64.whl (185 kB)
Installing collected packages: rsa, pydantic-core, joblib, iniconfig, idna, httptools, h11, ecdsa, dnspython, colorama, click, cffi, certifi, bcrypt, annotated-types, uvicorn, scikit-learn, python-jose, pytest, pydantic, httpcore, email-validator, cryptography, anyio, watchfiles, starlette, pydantic-settings, httpx, fastapi
Successfully installed annotated-types-0.8.0 anyio-4.15.1 bcrypt-4.2.1 certifi-2026.7.22 cffi-2.1.1 click-8.5.0 colorama-0.4.6 cryptography-50.0.1 dnspython-2.8.0 ecdsa-0.19.2 email-validator-2.2.0 fastapi-0.115.6 h11-0.16.0 httpcore-1.0.9 httptools-0.8.0 httpx-0.28.1 idna-3.20 iniconfig-2.3.0 joblib-1.4.2 pydantic-2.10.4 pydantic-core-2.27.2 pydantic-settings-2.7.0 pytest-8.3.4 python-jose-3.3.0 rsa-4.9.1 scikit-learn-1.6.0 starlette-0.41.3 uvicorn-0.34.0 watchfiles-1.2.0
